
> frontend@0.0.0 build
> ng build

[33mΓ¥»[39m Building...
[32mΓ£ö[39m Building...
Application bundle generation failed. [6.467 seconds] - 2026-03-08T14:41:27.549Z

node.exe : 
[1m[31m[31mX [41;31
m[[41;97mERROR[41;31m
][0m [1mNG8002: 
Can't bind to 'routerLi
nkActiveOptions' since 
it isn't a known 
property of 'a'.[0m 
[1m[35m[plugin 
angular-compiler][0m
At line:1 char:1
+ & "C:\Program 
Files\nodejs/node.exe" 
"C:\Users\spoor\AppData
\Roaming\ ...
+ ~~~~~~~~~~~~~~~~~~~~~
~~~~~~~~~~~~~~~~~~~~~~~
~~~~~~~~~~~~~~~~~~~~~~~
~~
    + CategoryInfo     
         : NotSpecifi  
  ed: ([1m[31m[31   
 mX...r-compiler][    
0m:String) [], Rem    
oteException
    + FullyQualifiedEr 
   rorId : NativeComm  
  andError
 

    src/app/shared/layo
uts/sidebar/sidebar.htm
l:14:12:
[37m      14 Γöé      
       [32m[routerLink
ActiveOptions]="{exact:
 true}"[37m
         Γò╡           
  [32m~~~~~~~~~~~~~~~~
~~~~~~~~~~~~~~~~~~~~~~~
~~[0m

  Error occurs in the 
template of component 
Sidebar.

    src/app/shared/layo
uts/sidebar/sidebar.ts:
8:15:
[37m      8 Γöé   
templateUrl: [32m'./si
debar.html'[37m
        Γò╡            
    [32m~~~~~~~~~~~~~~
~~[0m

[39m[22m
