[INFO] Scanning for projects...
[INFO] 
[INFO] -----------------< com.cyberassure:CyberAssureProject >-----------------
[INFO] Building CyberAssureProject 0.0.1-SNAPSHOT
[INFO]   from pom.xml
[INFO] --------------------------------[ jar ]---------------------------------
[INFO] 
[INFO] --- resources:3.3.1:resources (default-resources) @ CyberAssureProject ---
[INFO] Copying 1 resource from src\main\resources to target\classes
[INFO] Copying 0 resource from src\main\resources to target\classes
[INFO] 
[INFO] --- compiler:3.14.1:compile (default-compile) @ CyberAssureProject ---
[INFO] Nothing to compile - all classes are up to date.
[INFO] 
[INFO] --- resources:3.3.1:testResources (default-testResources) @ CyberAssureProject ---
[INFO] skip non existing resourceDirectory D:\CyberAssureProject\src\test\resources
[INFO] 
[INFO] --- compiler:3.14.1:testCompile (default-testCompile) @ CyberAssureProject ---
[INFO] Recompiling the module because of changed source code.
[INFO] Compiling 3 source files with javac [debug parameters release 17] to target\test-classes
[INFO] /D:/CyberAssureProject/src/test/java/com/cyberassure/cyberassureproject/exception/GlobalExceptionHandlerTest.java: D:\CyberAssureProject\src\test\java\com\cyberassure\cyberassureproject\exception\GlobalExceptionHandlerTest.java uses or overrides a deprecated API.
[INFO] /D:/CyberAssureProject/src/test/java/com/cyberassure/cyberassureproject/exception/GlobalExceptionHandlerTest.java: Recompile with -Xlint:deprecation for details.
[INFO] -------------------------------------------------------------
[ERROR] COMPILATION ERROR : 
[INFO] -------------------------------------------------------------
[ERROR] /D:/CyberAssureProject/src/test/java/com/cyberassure/cyberassureproject/entity/UserTest.java:[15,13] cannot find symbol
  symbol:   method setId(long)
  location: variable role of type com.cyberassure.cyberassureproject.entity.Role
[ERROR] /D:/CyberAssureProject/src/test/java/com/cyberassure/cyberassureproject/entity/UserTest.java:[16,13] cannot find symbol
  symbol:   method setName(java.lang.String)
  location: variable role of type com.cyberassure.cyberassureproject.entity.Role
[INFO] 2 errors 
[INFO] -------------------------------------------------------------
[INFO] ------------------------------------------------------------------------
[INFO] BUILD FAILURE
[INFO] ------------------------------------------------------------------------
[INFO] Total time:  4.053 s
[INFO] Finished at: 2026-03-12T21:55:59+05:30
[INFO] ------------------------------------------------------------------------
[ERROR] Failed to execute goal org.apache.maven.plugins:maven-compiler-plugin:3.14.1:testCompile (default-testCompile) on project CyberAssureProject: Compilation failure: Compilation failure: 
[ERROR] /D:/CyberAssureProject/src/test/java/com/cyberassure/cyberassureproject/entity/UserTest.java:[15,13] cannot find symbol
[ERROR]   symbol:   method setId(long)
[ERROR]   location: variable role of type com.cyberassure.cyberassureproject.entity.Role
[ERROR] /D:/CyberAssureProject/src/test/java/com/cyberassure/cyberassureproject/entity/UserTest.java:[16,13] cannot find symbol
[ERROR]   symbol:   method setName(java.lang.String)
[ERROR]   location: variable role of type com.cyberassure.cyberassureproject.entity.Role
[ERROR] -> [Help 1]
[ERROR] 
[ERROR] To see the full stack trace of the errors, re-run Maven with the -e switch.
[ERROR] Re-run Maven using the -X switch to enable full debug logging.
[ERROR] 
[ERROR] For more information about the errors and possible solutions, please read the following articles:
[ERROR] [Help 1] http://cwiki.apache.org/confluence/display/MAVEN/MojoFailureException
