[INFO] Scanning for projects...
[INFO] 
[INFO] -----------------< com.cyberassure:CyberAssureProject >-----------------
[INFO] Building CyberAssureProject 0.0.1-SNAPSHOT
[INFO]   from pom.xml
[INFO] --------------------------------[ jar ]---------------------------------
[INFO] 
[INFO] --- clean:3.5.0:clean (default-clean) @ CyberAssureProject ---
[INFO] Deleting D:\CyberAssureProject\target
[INFO] 
[INFO] --- resources:3.3.1:resources (default-resources) @ CyberAssureProject ---
[INFO] Copying 1 resource from src\main\resources to target\classes
[INFO] Copying 0 resource from src\main\resources to target\classes
[INFO] 
[INFO] --- compiler:3.14.1:compile (default-compile) @ CyberAssureProject ---
[INFO] Recompiling the module because of changed source code.
[INFO] Compiling 58 source files with javac [debug parameters release 17] to target\classes
[INFO] -------------------------------------------------------------
[WARNING] COMPILATION WARNING : 
[INFO] -------------------------------------------------------------
[WARNING] /D:/CyberAssureProject/src/main/java/com/cyberassure/cyberassureproject/entity/PolicySubscription.java:[40,27] @Builder will ignore the initializing expression entirely. If you want the initializing expression to serve as default, add @Builder.Default. If it is not supposed to be settable during building, make the field final.
[WARNING] /D:/CyberAssureProject/src/main/java/com/cyberassure/cyberassureproject/entity/RiskAssessment.java:[38,27] @Builder will ignore the initializing expression entirely. If you want the initializing expression to serve as default, add @Builder.Default. If it is not supposed to be settable during building, make the field final.
[WARNING] /D:/CyberAssureProject/src/main/java/com/cyberassure/cyberassureproject/entity/CyberPolicy.java:[45,21] @Builder will ignore the initializing expression entirely. If you want the initializing expression to serve as default, add @Builder.Default. If it is not supposed to be settable during building, make the field final.
[WARNING] /D:/CyberAssureProject/src/main/java/com/cyberassure/cyberassureproject/entity/CyberPolicy.java:[47,27] @Builder will ignore the initializing expression entirely. If you want the initializing expression to serve as default, add @Builder.Default. If it is not supposed to be settable during building, make the field final.
[WARNING] /D:/CyberAssureProject/src/main/java/com/cyberassure/cyberassureproject/entity/User.java:[37,20] @Builder will ignore the initializing expression entirely. If you want the initializing expression to serve as default, add @Builder.Default. If it is not supposed to be settable during building, make the field final.
[WARNING] /D:/CyberAssureProject/src/main/java/com/cyberassure/cyberassureproject/entity/User.java:[39,27] @Builder will ignore the initializing expression entirely. If you want the initializing expression to serve as default, add @Builder.Default. If it is not supposed to be settable during building, make the field final.
[INFO] 6 warnings 
[INFO] -------------------------------------------------------------
[INFO] -------------------------------------------------------------
[ERROR] COMPILATION ERROR : 
[INFO] -------------------------------------------------------------
[ERROR] /D:/CyberAssureProject/src/main/java/com/cyberassure/cyberassureproject/controller/AdminController.java:[163,71] cannot find symbol
  symbol:   class CyberPolicyRequest
  location: class com.cyberassure.cyberassureproject.controller.AdminController
[ERROR] /D:/CyberAssureProject/src/main/java/com/cyberassure/cyberassureproject/controller/AdminController.java:[170,26] cannot find symbol
  symbol:   class CyberPolicyRequest
  location: class com.cyberassure.cyberassureproject.controller.AdminController
[INFO] 2 errors 
[INFO] -------------------------------------------------------------
[INFO] ------------------------------------------------------------------------
[INFO] BUILD FAILURE
[INFO] ------------------------------------------------------------------------
[INFO] Total time:  7.149 s
[INFO] Finished at: 2026-03-09T10:52:57+05:30
[INFO] ------------------------------------------------------------------------
[ERROR] Failed to execute goal org.apache.maven.plugins:maven-compiler-plugin:3.14.1:compile (default-compile) on project CyberAssureProject: Compilation failure: Compilation failure: 
[ERROR] /D:/CyberAssureProject/src/main/java/com/cyberassure/cyberassureproject/controller/AdminController.java:[163,71] cannot find symbol
[ERROR]   symbol:   class CyberPolicyRequest
[ERROR]   location: class com.cyberassure.cyberassureproject.controller.AdminController
[ERROR] /D:/CyberAssureProject/src/main/java/com/cyberassure/cyberassureproject/controller/AdminController.java:[170,26] cannot find symbol
[ERROR]   symbol:   class CyberPolicyRequest
[ERROR]   location: class com.cyberassure.cyberassureproject.controller.AdminController
[ERROR] -> [Help 1]
[ERROR] 
[ERROR] To see the full stack trace of the errors, re-run Maven with the -e switch.
[ERROR] Re-run Maven using the -X switch to enable full debug logging.
[ERROR] 
[ERROR] For more information about the errors and possible solutions, please read the following articles:
[ERROR] [Help 1] http://cwiki.apache.org/confluence/display/MAVEN/MojoFailureException
